[
{
clientId: "AP",
transactionType: "SELL",
transactionDate: "11/25/2013",
priorityFlag: "Y",
processingFee: 500
},
{
clientId: "AP",
transactionType: "BUY",
transactionDate: "11-03-2013",
priorityFlag: "Y",
processingFee: 500
},
{
clientId: "AP",
transactionType: "BUY",
transactionDate: "11-09-2013",
priorityFlag: "Y",
processingFee: 500
},
{
clientId: "AP",
transactionType: "DEPOSIT",
transactionDate: "11-06-2013",
priorityFlag: "Y",
processingFee: 500
},
{
clientId: "AP",
transactionType: "DEPOSIT",
transactionDate: "11/19/2013",
priorityFlag: "Y",
processingFee: 500
},
{
clientId: "AP",
transactionType: "BUY",
transactionDate: "11-12-2013",
priorityFlag: "Y",
processingFee: 500
},
{
clientId: "AS",
transactionType: "DEPOSIT",
transactionDate: "11-02-2013",
priorityFlag: "N",
processingFee: 50
},
{
clientId: "AS",
transactionType: "BUY",
transactionDate: "11-06-2013",
priorityFlag: "N",
processingFee: 50
},
{
clientId: "AS",
transactionType: "SELL",
transactionDate: "11/13/2013",
priorityFlag: "N",
processingFee: 100
},
{
clientId: "AS",
transactionType: "SELL",
transactionDate: "11-10-2013",
priorityFlag: "N",
processingFee: 100
},
{
clientId: "AS",
transactionType: "SELL",
transactionDate: "11-07-2013",
priorityFlag: "N",
processingFee: 100
},
{
clientId: "AS",
transactionType: "SELL",
transactionDate: "11/20/2013",
priorityFlag: "N",
processingFee: 100
},
{
clientId: "GS",
transactionType: "WITHDRAW",
transactionDate: "11-01-2013",
priorityFlag: "Y",
processingFee: 500
},
{
clientId: "GS",
transactionType: "DEPOSIT",
transactionDate: "11-11-2013",
priorityFlag: "Y",
processingFee: 500
},
{
clientId: "GS",
transactionType: "BUY",
transactionDate: "11/23/2013",
priorityFlag: "Y",
processingFee: 500
},
{
clientId: "GS",
transactionType: "WITHDRAW",
transactionDate: "11-05-2013",
priorityFlag: "Y",
processingFee: 500
},
{
clientId: "GS",
transactionType: "BUY",
transactionDate: "11-08-2013",
priorityFlag: "Y",
processingFee: 500
},
{
clientId: "GS",
transactionType: "WITHDRAW",
transactionDate: "11/26/2013",
priorityFlag: "Y",
processingFee: 500
},
{
clientId: "HJ",
transactionType: "WITHDRAW",
transactionDate: "11/30/2013",
priorityFlag: "N",
processingFee: 100
},
{
clientId: "HJ",
transactionType: "SELL",
transactionDate: "11-04-2013",
priorityFlag: "N",
processingFee: 100
}
]